== PROBE elbow ==
[grip-fail-closed] r00 wrist=right_wrist cue_ratio=0.096 user_onsets=[17.67] near_cue=[] ref_onsets_in_win=[] -> 기존 짝 유지
PROBE r02 joint=left_hip src=align-peak ut=11.133 rt=11.800 poleViz=- bodyViz=-
PROBE r01 joint=right_shoulder src=align-w ut=7.444 rt=10.200 poleViz=- bodyViz=-
PROBE r03 joint=right_knee src=align ut=10.111 rt=11.600 poleViz=- bodyViz=y
PROBE r00 joint=right_elbow src=align ut=11.111 rt=12.067 poleViz=- bodyViz=-
== EXIT elbow 0 ==
== PROBE powerspin ==
[grip-fail-closed] r02 wrist=left_wrist cue_ratio=0.035 user_onsets=[3.93] near_cue=[3.93] ref_onsets_in_win=[] -> 기존 짝 유지
PROBE r02 joint=left_shoulder src=align ut=3.222 rt=5.733 poleViz=- bodyViz=-
PROBE r00 joint=leg_extension src=align-peak ut=5.733 rt=8.667 poleViz=- bodyViz=-
== EXIT powerspin 0 ==
== PROBE kipup ==
PROBE r00 joint=split_angle src=align-peak ut=1.467 rt=2.000 poleViz=- bodyViz=-
== EXIT kipup 0 ==
== PROBE pdshapefault ==
[grip-fail-closed] r02 wrist=right_wrist cue_ratio=0.052 user_onsets=[0.47, 17.0] near_cue=[] ref_onsets_in_win=[0.13] -> 기존 짝 유지
[grip-fail-closed] r00 wrist=right_wrist cue_ratio=0.008 user_onsets=[0.47, 17.0] near_cue=[] ref_onsets_in_win=[] -> 기존 짝 유지
PROBE r01 joint=right_elbow src=override ut=1.222 rt=0.800 poleViz=- bodyViz=-
PROBE r02 joint=left_shoulder src=align ut=3.222 rt=2.000 poleViz=- bodyViz=-
PROBE r03 joint=left_knee src=align ut=3.667 rt=2.400 poleViz=- bodyViz=-
PROBE r00 joint=left_elbow src=align-w ut=8.556 rt=9.400 poleViz=- bodyViz=-
== EXIT pdshapefault 0 ==
== PROBE peterpan ==
[grip-fail-closed] r00 wrist=right_wrist cue_ratio=0.049 user_onsets=[] near_cue=[] ref_onsets_in_win=[] -> 기존 짝 유지
PROBE r00 joint=left_shoulder src=align ut=6.444 rt=7.600 poleViz=- bodyViz=-
== EXIT peterpan 0 ==
== PROBE pdshape ==
== EXIT pdshape 0 ==
== PROBE realupload ==
[boundary-pin] r01 rt=10.40s ref=10.5s — DTW 종점 아티팩트, 정지 제외
PROBE r02 joint=left_shoulder src=align ut=3.222 rt=5.800 poleViz=- bodyViz=-
PROBE r00 joint=leg_extension src=align-peak ut=5.733 rt=4.400 poleViz=- bodyViz=-
== EXIT realupload 0 ==
