INFO Found credentials in environment variables.
INFO RTMW deterministic mode ON — CUDA EP options={'cudnn_conv_algo_search': 'DEFAULT', 'do_copy_in_default_stream': '1', 'cudnn_conv_use_max_workspace': '1'}, threads=1, session.use_deterministic_compute=1, CUBLAS_WORKSPACE_CONFIG=:4096:8
[0;93m2026-08-21 12:37:38.581813594 [W:onnxruntime:, session_state.cc:1166 VerifyEachNodeIsAssignedToAnEp] Some nodes were not assigned to the preferred execution providers which may or may not have an negative impact on performance. e.g. ORT explicitly assigns shape related ops to CPU to improve perf.[m
[0;93m2026-08-21 12:37:38.581868844 [W:onnxruntime:, session_state.cc:1168 VerifyEachNodeIsAssignedToAnEp] Rerunning with verbose output on a non-minimal build will show node assignments.[m
WARNING compare_render discovery 조달 실패 — 발굴 정지 없이 진행 uid=fvcNXzEqKjgqVxRPVSj1iwFnIpn2 analysis_id=p34fresh1786628533
Traceback (most recent call last):
  File "/workspace/SunityMotion/backend/functions/pipeline/app.py", line 4256, in _run_deferred_compare_render
    discovery_items = firestore_admin.get_analysis_discovery(
                      ^^^^^^^^^^^^^^^^^^^^^^^^^^^^^^^^^^^^^^
AttributeError: 'FA' object has no attribute 'get_analysis_discovery'
[grip-fail-closed] r00 wrist=left_wrist cue_ratio=0.066 user_onsets=[2.53, 14.6] near_cue=[] ref_onsets_in_win=[] -> 기존 짝 유지
[grip-fail-closed] r01 wrist=left_wrist cue_ratio=0.088 user_onsets=[2.53, 14.6] near_cue=[] ref_onsets_in_win=[] -> 기존 짝 유지
[grip-fail-closed] r02 wrist=right_wrist cue_ratio=0.096 user_onsets=[0.47, 17.0] near_cue=[] ref_onsets_in_win=[] -> 기존 짝 유지
[tail-cut] 재생 상한 18.11s -> 17.27s (기준 정지 꼬리 제외)
INFO compare_render done uid=fvcNXzEqKjgqVxRPVSj1iwFnIpn2 analysis_id=p34fresh1786628533 key=results/fvcNXzEqKjgqVxRPVSj1iwFnIpn2/p34fresh1786628533/compare_v1.mp4 freezes=5
INFO card_gates 스킵 (records/freezes/report 부재 — 기존 카드 유지) analysis_id=p34fresh1786628533
doc OK mode=mode1 records=5 coachAudio items=5 renderedCompare(현재)={'key': 'results/fvcNXzEqKjgqVxRPVSj1iwFnIpn2/p34fresh1786628533/compare_v1.mp4', 'freezes': [{'rid': 'r00', 'outSec': 5.33}, {'rid': 'r01', 'outSec': 15.67}, {'rid': 'r04', 'outSec': 29.93}, {'rid': 'r04:discover', 'outSec': 42.07}, {'rid': 'r02', 'outSec': 54.17}, {'rid': 'r00:discover', 'outSec': 68.8}, {'rid': 'r03', 'outSec': 83.0}], 'status': 'done'}
S3 GET uploads/csKWYvI3WCPYPysNQ9KkWecaUvq1/127a2a90c1d74c62ad61270eb3fe5625.mp4 -> /tmp/compare_rerun_p34fresh1786628533/user.mp4
S3 GET reference/ref-pdshape.mp4 -> /tmp/compare_rerun_p34fresh1786628533/ref.mp4
load /workspace/yolox_weights/yolox_m.onnx with onnxruntime backend
load /workspace/rtmw_weights/rtmw-x-384.onnx with onnxruntime backend
[warn] discover mp3 없음 — 정지 스킵: r04 (discover_audio_r04_left_knee.mp3)
[warn] discover mp3 없음 — 정지 스킵: r00 (discover_audio_r00_left_elbow.mp3)
[no-write] S3 put_object 차단: results/fvcNXzEqKjgqVxRPVSj1iwFnIpn2/p34fresh1786628533/compare_v1.mp4
[no-write] doc 마킹 차단: status=done key='results/fvcNXzEqKjgqVxRPVSj1iwFnIpn2/p34fresh1786628533/compare_v1.mp4' freezes=5건
리그: ALL PASS
  [PASS] A 길이: actual=70.87s planned=70.87s
  [PASS] A2 정지 수: rendered=5 expected=5
  [PASS] B 정지 정적성 r00: diff=0.002 @out 10.1s
  [PASS] B 정지 정적성 r01: diff=0.003 @out 20.6s
  [PASS] B 정지 정적성 r04: diff=0.001 @out 34.8s
  [PASS] B 정지 정적성 r02: diff=0.001 @out 49.0s
  [PASS] B 정지 정적성 r03: diff=0.001 @out 63.6s
  [PASS] C 재생 동적성: play diff=3.55 vs frozen max=0.003
  [PASS] D 음성 존재 r00: mean=-22.9dB @out 5.3s
  [PASS] D 음성 존재 r01: mean=-23.3dB @out 15.7s
  [PASS] D 음성 존재 r04: mean=-22.5dB @out 29.9s
  [PASS] D 음성 존재 r02: mean=-24.0dB @out 43.0s
  [PASS] D 음성 존재 r03: mean=-22.4dB @out 57.8s
  [PASS] D 재생 무음: mean=-91.0dB @out 1.0s
  [PASS] E 저더 user: 정지이벤트=0 최악2s창=0 (임계 4, 재생 437프레임 전수 스캔)
  [PASS] E 저더 ref: 정지이벤트=1 최악2s창=1 (임계 4, 재생 437프레임 전수 스캔)
  [PASS] F 웹 재생성(faststart): moov@36 mdat@56922 (64KB 헤더 내)
  [PASS] G 경계 핀 r00: rt=5.13s ref=15.8s (양끝 0.5s 밖 요구)
  [PASS] G 경계 핀 r01: rt=4.53s ref=15.8s (양끝 0.5s 밖 요구)
  [PASS] G 경계 핀 r04: rt=9.40s ref=15.8s (양끝 0.5s 밖 요구)
  [PASS] G 경계 핀 r02: rt=11.80s ref=15.8s (양끝 0.5s 밖 요구)
  [PASS] G 경계 핀 r03: rt=15.20s ref=15.8s (양끝 0.5s 밖 요구)
  [PASS] H1 정지 회계: rendered+excluded=['r00', 'r01', 'r02', 'r03', 'r04'] == eligible=['r00', 'r01', 'r02', 'r03', 'r04']
  [PASS] H2 순간 r00: |5.30-5.30|=0.00s (src=align)
  [PASS] H2 순간 r01: |6.10-6.10|=0.00s (src=align)
  [PASS] H2 순간 r04: |10.50-10.50|=0.00s (src=align)
  [PASS] H2 순간 r02: |13.80-13.80|=0.00s (src=align-w)
  [PASS] H3 자막 진품 r00: 문자 일치
  [PASS] H3 자막 진품 r01: 문자 일치
  [PASS] H3 자막 진품 r04: 문자 일치
  [PASS] H3 자막 진품 r02: 문자 일치
  [PASS] H3 자막 진품 r03: 문자 일치
  [PASS] H4 음성 조인 r00: coachAudio 항목 존재
  [PASS] H4 음성 조인 r01: coachAudio 항목 존재
  [PASS] H4 음성 조인 r04: coachAudio 항목 존재
  [PASS] H4 음성 조인 r02: coachAudio 항목 존재
  [PASS] H4 음성 조인 r03: coachAudio 항목 존재
아티팩트: /tmp/compare_rerun_p34fresh1786628533 (doc/align/report/compare.mp4)
[no-write] 차단된 마킹: [{'status': 'done', 'key': 'results/fvcNXzEqKjgqVxRPVSj1iwFnIpn2/p34fresh1786628533/compare_v1.mp4', 'freezes': [{'rid': 'r00', 'outSec': 5.33}, {'rid': 'r01', 'outSec': 15.67}, {'rid': 'r04', 'outSec': 29.93}, {'rid': 'r02', 'outSec': 43.0}, {'rid': 'r03', 'outSec': 57.83}]}]
