21b1b7ed [00] left_shoulder  ref  vc=True  frac=0.55 box 154->118 marked=shoulder    clean=shoulder    final=ok
21b1b7ed [00] left_shoulder  user vc=True  frac=0.55 box 154->118 marked=armpit      clean=armpit      final=ok
21b1b7ed [01] right_elbow    ref  vc=False frac=None box 154->154 marked=hip         clean=hip         final=not_center_anchored
21b1b7ed [01] right_elbow    user vc=False frac=None box 154->154 marked=abdomen     clean=abdomen     final=not_center_anchored
21b1b7ed [02] right_knee     ref  vc=False frac=None box 154->154 marked=knee        clean=knee        final=not_center_anchored
21b1b7ed [02] right_knee     user vc=False frac=None box 154->154 marked=knee        clean=knee        final=not_center_anchored
4e232c4a [00] left_elbow     ref  vc=True  frac=0.4 box 154->162 marked=elbow       clean=elbow       final=ok
4e232c4a [00] left_elbow     user vc=True  frac=0.4 box 154->162 marked=elbow       clean=elbow       final=ok
4e232c4a [01] right_elbow    ref  vc=False frac=None box 154->154 marked=thigh       clean=thigh       final=not_center_anchored
4e232c4a [01] right_elbow    user vc=False frac=None box 154->154 marked=head        clean=head        final=not_center_anchored
4e232c4a [02] left_shoulder  ref  vc=True  frac=0.55 box 154->118 marked=shoulder    clean=shoulder    final=ok
4e232c4a [02] left_shoulder  user vc=True  frac=0.55 box 154->118 marked=shoulder    clean=shoulder    final=ok
4e232c4a [03] left_knee      ref  vc=True  frac=0.5324 box 154->122 marked=knee        clean=knee        final=ok
4e232c4a [03] left_knee      user vc=True  frac=0.5324 box 154->122 marked=hand        clean=hand        final=mismatch
4e232c4a [04] left_shoulder  ref  vc=None  frac=None box 154->154 marked=armpit      clean=armpit      final=ok
4e232c4a [04] left_shoulder  user vc=None  frac=None box 154->154 marked=neck        clean=neck        final=mismatch
5ae210fa [00] leg_extension  ref  vc=False frac=None box 154->154 marked=hip         clean=hip         final=not_center_anchored
5ae210fa [00] leg_extension  user vc=False frac=None box 154->154 marked=thigh       clean=thigh       final=not_center_anchored
5ae210fa [01] left_shoulder  ref  vc=True  frac=0.4 box 154->162 marked=armpit      clean=chest       final=ok
5ae210fa [01] left_shoulder  user vc=True  frac=0.4 box 154->162 marked=thigh       clean=thigh       final=mismatch
5ae210fa [02] left_elbow     ref  vc=None  frac=None box 154->154 marked=armpit      clean=armpit      final=mismatch
5ae210fa [02] left_elbow     user vc=None  frac=None box 154->154 marked=armpit      clean=armpit      final=mismatch
a559705f [00] right_knee     ref  vc=True  frac=0.4 box 154->162 marked=knee        clean=knee        final=ok
a559705f [00] right_knee     user vc=True  frac=0.4 box 154->162 marked=knee        clean=knee        final=ok
a559705f [01] right_hip      ref  vc=True  frac=0.4048 box 154->160 marked=elbow       clean=elbow       final=mismatch
a559705f [01] right_hip      user vc=True  frac=0.4048 box 154->160 marked=hip         clean=hip         final=ok
a559705f [02] left_shoulder  ref  vc=True  frac=0.4 box 154->162 marked=knee        clean=elbow       final=mismatch
a559705f [02] left_shoulder  user vc=True  frac=0.4 box 154->162 marked=chest       clean=chest       final=ok
d213622a [00] left_hip       ref  vc=True  frac=0.55 box 154->118 marked=back_waist  clean=armpit      final=mismatch
d213622a [00] left_hip       user vc=True  frac=0.55 box 154->118 marked=unclear     clean=hip         final=ok
d213622a [01] right_elbow    ref  vc=False frac=None box 154->154 marked=hip         clean=hip         final=not_center_anchored
d213622a [01] right_elbow    user vc=False frac=None box 154->154 marked=elbow       clean=elbow       final=not_center_anchored
d213622a [02] left_hip       ref  vc=False frac=None box 154->154 marked=hip         clean=hip         final=not_center_anchored
d213622a [02] left_hip       user vc=False frac=None box 154->154 marked=back_waist  clean=chest       final=not_center_anchored
ea765def [00] left_shoulder  ref  vc=None  frac=None box 154->154 marked=back_waist  clean=back_waist  final=ok
ea765def [00] left_shoulder  user vc=None  frac=None box 154->154 marked=neck        clean=back_waist  final=ok
panel_center_eye_v2 total=36 mismatch=8 not_center_anchored=12 ok=16
mark_flipped_verdict=4/36  center_anchored_panels=18
