c4f944f0 [00] right_elbow     ref  center18=elbow        ok             tokens=['elbow', 'elbow', 'elbow']
c4f944f0 [00] right_elbow     user center18=elbow        ok             tokens=['elbow', 'elbow', 'elbow']
c4f944f0 [01] right_hip       ref  center18=hip          ok             tokens=['shoulder', 'hip', 'hip', 'hip']
c4f944f0 [01] right_hip       user center18=hip          ok             tokens=['hip', 'shoulder', 'hip', 'hip']
c4f944f0 [02] left_hip        ref  center18=armpit       mismatch       tokens=['armpit', 'armpit', 'armpit']
c4f944f0 [02] left_hip        user center18=hip          ok             tokens=['hip', 'back_waist', 'hip', 'hip']
c4f944f0 [03] right_shoulder  ref  center18=armpit       ok             tokens=['armpit', 'armpit', 'shoulder', 'armpit']
c4f944f0 [03] right_shoulder  user center18=abdomen      mismatch       tokens=['abdomen', 'back_waist', 'abdomen', 'abdomen']
ee577422 [00] right_knee      ref  center18=elbow        mismatch       tokens=['elbow', 'elbow', 'elbow']
ee577422 [00] right_knee      user center18=elbow        mismatch       tokens=['elbow', 'elbow', 'elbow']
ee577422 [01] left_elbow      ref  center18=elbow        ok             tokens=['elbow', 'elbow', 'elbow']
ee577422 [01] left_elbow      user center18=elbow        ok             tokens=['elbow', 'elbow', 'elbow']
ee577422 [02] left_knee       ref  center18=knee         ok             tokens=['elbow', 'knee', 'knee', 'knee']
ee577422 [02] left_knee       user center18=thigh        ok             tokens=['thigh', 'thigh', 'thigh']
ee577422 [03] right_elbow     ref  center18=elbow        ok             tokens=['elbow', 'elbow', 'elbow']
ee577422 [03] right_elbow     user center18=head         mismatch       tokens=['head', 'head', 'head']
ee577422 [04] left_shoulder   ref  center18=unclear      unreadable     tokens=['hip', 'hip', 'back_waist', 'back_waist', 'chest']
ee577422 [04] left_shoulder   user center18=head         mismatch       tokens=['head', 'neck', 'neck', 'head', 'head']
ee577422 [05] right_knee      ref  center18=knee         ok             tokens=['knee', 'knee', 'knee']
ee577422 [05] right_knee      user center18=knee         ok             tokens=['elbow', 'knee', 'knee', 'knee']
f6f6ea51 [00] right_knee      ref  center18=hand         mismatch       tokens=['knee', 'hand', 'hand', 'hand']
f6f6ea51 [00] right_knee      user center18=knee         ok             tokens=['knee', 'knee', 'knee']
fde902a9 [00] leg_extension   ref  center18=hip          ok             tokens=['hip', 'hip', 'hip']
fde902a9 [00] leg_extension   user center18=hip          ok             tokens=['hip', 'hip', 'hip']
fde902a9 [01] left_shoulder   ref  center18=shoulder     ok             tokens=['shoulder', 'shoulder', 'shoulder']
fde902a9 [01] left_shoulder   user center18=back_waist   ok             tokens=['back_waist', 'back_waist', 'back_waist']
fde902a9 [02] left_elbow      ref  center18=armpit       mismatch       tokens=['back_waist', 'armpit', 'back_waist', 'armpit', 'armpit']
fde902a9 [02] left_elbow      user center18=armpit       mismatch       tokens=['armpit', 'armpit', 'armpit']
panel_center_eye total=28 ok=18 mismatch=9 unreadable=1 no_expectation=0
