21b1b7ed [00] left_shoulder   ref  center18=shoulder     ok             tokens=['shoulder', 'shoulder', 'shoulder']
21b1b7ed [00] left_shoulder   user center18=armpit       ok             tokens=['armpit', 'armpit', 'armpit']
21b1b7ed [01] right_elbow     ref  center18=hip          mismatch       tokens=['hip', 'hip', 'hip']
21b1b7ed [01] right_elbow     user center18=abdomen      mismatch       tokens=['abdomen', 'abdomen', 'abdomen']
21b1b7ed [02] right_knee      ref  center18=knee         ok             tokens=['knee', 'knee', 'knee']
21b1b7ed [02] right_knee      user center18=knee         ok             tokens=['knee', 'knee', 'knee']
4e232c4a [00] left_elbow      ref  center18=elbow        ok             tokens=['elbow', 'elbow', 'elbow']
4e232c4a [00] left_elbow      user center18=elbow        ok             tokens=['elbow', 'elbow', 'elbow']
4e232c4a [01] right_elbow     ref  center18=thigh        mismatch       tokens=['thigh', 'thigh', 'thigh']
4e232c4a [01] right_elbow     user center18=head         mismatch       tokens=['head', 'head', 'head']
4e232c4a [02] left_shoulder   ref  center18=shoulder     ok             tokens=['shoulder', 'shoulder', 'shoulder']
4e232c4a [02] left_shoulder   user center18=unclear      unreadable     tokens=['knee', 'shoulder', 'elbow', 'elbow', 'knee']
4e232c4a [03] left_knee       ref  center18=hip          mismatch       tokens=['hip', 'knee', 'hip', 'knee', 'hip']
4e232c4a [03] left_knee       user center18=hand         mismatch       tokens=['hand', 'hand', 'hand']
4e232c4a [04] left_shoulder   ref  center18=armpit       ok             tokens=['armpit', 'armpit', 'armpit']
4e232c4a [04] left_shoulder   user center18=neck         mismatch       tokens=['neck', 'neck', 'neck']
5ae210fa [00] leg_extension   ref  center18=hip          ok             tokens=['hip', 'hip', 'hip']
5ae210fa [00] leg_extension   user center18=thigh        ok             tokens=['thigh', 'thigh', 'thigh']
5ae210fa [01] left_shoulder   ref  center18=shoulder     ok             tokens=['shoulder', 'armpit', 'shoulder', 'shoulder']
5ae210fa [01] left_shoulder   user center18=thigh        mismatch       tokens=['thigh', 'thigh', 'thigh']
5ae210fa [02] left_elbow      ref  center18=back_waist   mismatch       tokens=['back_waist', 'back_waist', 'back_waist']
5ae210fa [02] left_elbow      user center18=armpit       mismatch       tokens=['armpit', 'armpit', 'armpit']
a559705f [00] right_knee      ref  center18=knee         ok             tokens=['knee', 'knee', 'knee']
a559705f [00] right_knee      user center18=knee         ok             tokens=['knee', 'knee', 'knee']
a559705f [01] right_hip       ref  center18=elbow        mismatch       tokens=['elbow', 'elbow', 'elbow']
a559705f [01] right_hip       user center18=hip          ok             tokens=['hip', 'hip', 'hip']
a559705f [02] left_shoulder   ref  center18=knee         mismatch       tokens=['knee', 'elbow', 'knee', 'knee']
a559705f [02] left_shoulder   user center18=chest        ok             tokens=['chest', 'chest', 'chest']
d213622a [00] left_hip        ref  center18=armpit       mismatch       tokens=['armpit', 'armpit', 'armpit']
d213622a [00] left_hip        user center18=back_waist   ok             tokens=['hip', 'back_waist', 'back_waist', 'back_waist']
d213622a [01] right_elbow     ref  center18=hip          mismatch       tokens=['hip', 'hip', 'hip']
d213622a [01] right_elbow     user center18=elbow        ok             tokens=['elbow', 'elbow', 'elbow']
d213622a [02] left_hip        ref  center18=hip          ok             tokens=['hip', 'hip', 'hip']
d213622a [02] left_hip        user center18=back_waist   ok             tokens=['back_waist', 'armpit', 'back_waist', 'back_waist']
ea765def [00] left_shoulder   ref  center18=back_waist   ok             tokens=['back_waist', 'back_waist', 'back_waist']
ea765def [00] left_shoulder   user center18=neck         mismatch       tokens=['neck', 'neck', 'neck']
panel_center_eye total=36 ok=20 mismatch=15 unreadable=1 no_expectation=0
